[backblue.gif]
[fade.gif]
[index.html]
[www.americanhistoryusa.com/static/34starcircle-2.png]
[www.americanhistoryusa.com/static/images/presidential-election-collage-section.jpg]
[connect.facebook.net/en_US/sdk.js]
[www.americanhistoryusa.com/static/images/google-login-button.png]
[www.americanhistoryusa.com/static/images/facebook-login-button.png]
[www.reddit.com/static/button/button1.js]
[ajax.googleapis.com/ajax/libs/jquery/1.11.1/jquery.min.js]
[www.americanhistoryusa.com/static/js/raphael.js]
[www.americanhistoryusa.com/static/js/campaign_trail_2020072001.js]
[apis.google.com/js/platform.js]
[www.google-analytics.com/analytics.js]
[pagead2.googlesyndication.com/pagead/js/f.txt]
[www.americanhistoryusa.com/campaign-trail/index.html]
[www.americanhistoryusa.com/static/American-History-USA-Banner-4.jpg]
[www.americanhistoryusa.com/static/images/previous.png]
[www.americanhistoryusa.com/static/images/next.png]
[www.americanhistoryusa.com/static/amusa_main_2016032801.css]
[connect.facebook.net/en_US/sdk.js]
[platform.twitter.com/widgets.js]
[www.americanhistoryusa.com/static/js/us-map-1.0.1/jquery.usmap.js]
[www.americanhistoryusa.com/static/js/campaign_trail_election.js]
[www.americanhistoryusa.com/campaign-trail/election/2016/index.html]
[www.americanhistoryusa.com/campaign-trail/election/2016a/index.html]
[www.americanhistoryusa.com/campaign-trail/election/2012/index.html]
[www.americanhistoryusa.com/campaign-trail/election/2000/index.html]
[www.americanhistoryusa.com/campaign-trail/election/1988/index.html]
[www.americanhistoryusa.com/campaign-trail/election/1976/index.html]
[www.americanhistoryusa.com/campaign-trail/election/1968/index.html]
[www.americanhistoryusa.com/campaign-trail/election/1960/index.html]
[www.americanhistoryusa.com/campaign-trail/election/1948/index.html]
[www.americanhistoryusa.com/campaign-trail/election/1916/index.html]
[www.americanhistoryusa.com/campaign-trail/election/1896/index.html]
[www.americanhistoryusa.com/static/js/us-map-1.0.1/jquery.usmap_1860.js]
[www.americanhistoryusa.com/campaign-trail/election/1860/index.html]
[www.americanhistoryusa.com/static/js/us-map-1.0.1/jquery.usmap_1844.js]
[www.americanhistoryusa.com/campaign-trail/election/1844/index.html]
[www.americanhistoryusa.com/campaign-trail/hall-of-fame/index.html]
